2026.09.10 23:27:22 INFO  Started: Metals version 1.6.8 in folders 'D:\devops-classroom2-diario-quiz-temas\devops-classroom2-main' for client Visual Studio Code 1.136.1.
2026.09.10 23:27:22 INFO  Memory monitor started
2026.09.10 23:27:24 WARN  Using H2 2.4.240 which is newer than the version Flyway has been verified with. The latest verified version of H2 is 2.3.232.
2026.09.10 23:27:24 INFO  no build target found for D:\devops-classroom2-diario-quiz-temas\devops-classroom2-main\backend\src\main\java\com\devopsclassroom\config\SwaggerConfig.java. Using fallback presentation compiler.
2026.09.10 23:27:25 INFO  no build target found for D:\devops-classroom2-diario-quiz-temas\devops-classroom2-main\backend\src\main\java\com\devopsclassroom\config\SwaggerConfig.java. Using fallback presentation compiler.
2026.09.10 23:27:25 INFO  no build target found for D:\devops-classroom2-diario-quiz-temas\devops-classroom2-main\backend\src\main\java\com\devopsclassroom\config\SwaggerConfig.java. Using fallback presentation compiler.
2026.09.10 23:27:27 INFO  no build target found for D:\devops-classroom2-diario-quiz-temas\devops-classroom2-main\backend\src\main\java\com\devopsclassroom\config\SwaggerConfig.java. Using fallback presentation compiler.
set. 10, 2026 11:27:27 PM org.eclipse.lsp4j.jsonrpc.RemoteEndpoint handleCancellation
ADVERTÊNCIA: Unmatched cancel notification for request id 6
2026.09.10 23:27:27 INFO  no build target found for D:\devops-classroom2-diario-quiz-temas\devops-classroom2-main\backend\src\main\java\com\devopsclassroom\config\SwaggerConfig.java. Using fallback presentation compiler.
2026.09.10 23:27:27 INFO  no build target found for D:\devops-classroom2-diario-quiz-temas\devops-classroom2-main\backend\src\main\java\com\devopsclassroom\config\SwaggerConfig.java. Using fallback presentation compiler.
2026.09.10 23:27:27 INFO  no build target found for D:\devops-classroom2-diario-quiz-temas\devops-classroom2-main\backend\src\main\java\com\devopsclassroom\config\SwaggerConfig.java. Using fallback presentation compiler.
set. 10, 2026 11:27:27 PM org.eclipse.lsp4j.jsonrpc.RemoteEndpoint handleCancellation
ADVERTÊNCIA: Unmatched cancel notification for request id 13
set. 10, 2026 11:27:27 PM org.eclipse.lsp4j.jsonrpc.RemoteEndpoint handleCancellation
ADVERTÊNCIA: Unmatched cancel notification for request id 9
2026.09.10 23:27:27 INFO  no build target found for D:\devops-classroom2-diario-quiz-temas\devops-classroom2-main\backend\src\main\java\com\devopsclassroom\config\SwaggerConfig.java. Using fallback presentation compiler.
set. 10, 2026 11:27:27 PM org.eclipse.lsp4j.jsonrpc.RemoteEndpoint handleCancellation
ADVERTÊNCIA: Unmatched cancel notification for request id 10
2026.09.10 23:27:27 INFO  no build target found for D:\devops-classroom2-diario-quiz-temas\devops-classroom2-main\backend\src\main\java\com\devopsclassroom\config\SwaggerConfig.java. Using fallback presentation compiler.
2026.09.10 23:27:27 INFO  no build target found for D:\devops-classroom2-diario-quiz-temas\devops-classroom2-main\backend\src\main\java\com\devopsclassroom\config\SwaggerConfig.java. Using fallback presentation compiler.
2026.09.10 23:27:28 INFO  no build target found for D:\devops-classroom2-diario-quiz-temas\devops-classroom2-main\backend\src\main\java\com\devopsclassroom\config\SwaggerConfig.java. Using fallback presentation compiler.
2026.09.10 23:27:29 INFO  no build target found for D:\devops-classroom2-diario-quiz-temas\devops-classroom2-main\backend\src\main\java\com\devopsclassroom\config\SwaggerConfig.java. Using fallback presentation compiler.
2026.09.10 23:27:28 INFO  no build target found for D:\devops-classroom2-diario-quiz-temas\devops-classroom2-main\backend\src\main\java\com\devopsclassroom\config\SwaggerConfig.java. Using fallback presentation compiler.
2026.09.10 23:27:29 INFO  no build target found for D:\devops-classroom2-diario-quiz-temas\devops-classroom2-main\backend\src\main\java\com\devopsclassroom\config\SwaggerConfig.java. Using fallback presentation compiler.
set. 10, 2026 11:27:29 PM org.eclipse.lsp4j.jsonrpc.RemoteEndpoint handleCancellation
ADVERTÊNCIA: Unmatched cancel notification for request id 21
set. 10, 2026 11:27:29 PM org.eclipse.lsp4j.jsonrpc.RemoteEndpoint handleCancellation
ADVERTÊNCIA: Unmatched cancel notification for request id 22
2026.09.10 23:27:28 INFO  no build target found for D:\devops-classroom2-diario-quiz-temas\devops-classroom2-main\backend\src\main\java\com\devopsclassroom\config\SwaggerConfig.java. Using fallback presentation compiler.
2026.09.10 23:27:29 INFO  empty definition using pc, found symbol in pc:  (full report at: "D:\devops-classroom2-diario-quiz-temas\devops-classroom2-main\.metals\.reports\metals-full\2026-09-10\r_empty-definition_23-27-29-899.md")
2026.09.10 23:27:29 INFO  no build target found for D:\devops-classroom2-diario-quiz-temas\devops-classroom2-main\backend\src\main\java\com\devopsclassroom\config\SwaggerConfig.java. Using fallback presentation compiler.
2026.09.10 23:27:30 INFO  Created report: Optional[file:///D:/devops-classroom2-diario-quiz-temas/devops-classroom2-main/backend/src/main/java/com/devopsclassroom/config/SwaggerConfig.java]
2026.09.10 23:27:30 INFO  empty definition using pc, found symbol in pc:  (full report at: "D:\devops-classroom2-diario-quiz-temas\devops-classroom2-main\.metals\.reports\metals-full\2026-09-10\r_empty-definition_23-27-29-899.md")
2026.09.10 23:27:29 INFO  no build target found for D:\devops-classroom2-diario-quiz-temas\devops-classroom2-main\backend\src\main\java\com\devopsclassroom\config\SwaggerConfig.java. Using fallback presentation compiler.
2026.09.10 23:27:32 INFO  no build target found for D:\devops-classroom2-diario-quiz-temas\devops-classroom2-main\backend\src\main\java\com\devopsclassroom\config\SwaggerConfig.java. Using fallback presentation compiler.
2026.09.10 23:27:32 WARN  no build target for: D:\devops-classroom2-diario-quiz-temas\devops-classroom2-main\backend\src\main\java\com\devopsclassroom\config\SwaggerConfig.java
2026.09.10 23:27:33 INFO  no build target found for D:\devops-classroom2-diario-quiz-temas\devops-classroom2-main\backend\src\main\java\com\devopsclassroom\config\SwaggerConfig.java. Using fallback presentation compiler.
2026.09.10 23:27:33 INFO  empty definition using pc, found symbol in pc:  (full report at: "D:\devops-classroom2-diario-quiz-temas\devops-classroom2-main\.metals\.reports\metals-full\2026-09-10\r_empty-definition_23-27-29-899.md")
2026.09.10 23:27:33 INFO  no build target found for D:\devops-classroom2-diario-quiz-temas\devops-classroom2-main\backend\src\main\java\com\devopsclassroom\config\SwaggerConfig.java. Using fallback presentation compiler.
2026.09.10 23:27:34 INFO  no build target found for D:\devops-classroom2-diario-quiz-temas\devops-classroom2-main\backend\src\main\java\com\devopsclassroom\config\SwaggerConfig.java. Using fallback presentation compiler.
2026.09.10 23:27:34 INFO  no build target found for D:\devops-classroom2-diario-quiz-temas\devops-classroom2-main\backend\src\main\java\com\devopsclassroom\config\SwaggerConfig.java. Using fallback presentation compiler.
2026.09.10 23:27:34 INFO  no build target found for D:\devops-classroom2-diario-quiz-temas\devops-classroom2-main\backend\src\main\java\com\devopsclassroom\config\SwaggerConfig.java. Using fallback presentation compiler.
2026.09.10 23:27:34 INFO  no build target found for D:\devops-classroom2-diario-quiz-temas\devops-classroom2-main\backend\src\main\java\com\devopsclassroom\config\SwaggerConfig.java. Using fallback presentation compiler.
2026.09.10 23:27:36 WARN  no build target for: D:\devops-classroom2-diario-quiz-temas\devops-classroom2-main\backend\src\main\java\com\devopsclassroom\config\SwaggerConfig.java
2026.09.10 23:27:43 INFO  no build target found for D:\devops-classroom2-diario-quiz-temas\devops-classroom2-main\backend\src\main\java\com\devopsclassroom\config\SwaggerConfig.java. Using fallback presentation compiler.
2026.09.10 23:27:43 INFO  no build target found for D:\devops-classroom2-diario-quiz-temas\devops-classroom2-main\backend\src\main\java\com\devopsclassroom\config\SwaggerConfig.java. Using fallback presentation compiler.
2026.09.10 23:27:43 INFO  no build target found for D:\devops-classroom2-diario-quiz-temas\devops-classroom2-main\backend\src\main\java\com\devopsclassroom\config\SwaggerConfig.java. Using fallback presentation compiler.
2026.09.10 23:27:43 INFO  no build target found for D:\devops-classroom2-diario-quiz-temas\devops-classroom2-main\backend\src\main\java\com\devopsclassroom\config\SwaggerConfig.java. Using fallback presentation compiler.
2026.09.10 23:27:44 INFO  empty definition using pc, found symbol in pc: io/swagger/v3/oas/models/OpenAPI# (full report at: "D:\devops-classroom2-diario-quiz-temas\devops-classroom2-main\.metals\.reports\metals-full\2026-09-10\r_empty-definition_23-27-44-054.md")
2026.09.10 23:27:43 INFO  empty definition using pc, found symbol in pc: io/swagger/v3/oas/models/OpenAPI# (full report at: "D:\devops-classroom2-diario-quiz-temas\devops-classroom2-main\.metals\.reports\metals-full\2026-09-10\r_empty-definition_23-27-44-054.md")
2026.09.10 23:27:43 INFO  empty definition using pc, found symbol in pc: io/swagger/v3/oas/models/OpenAPI# (full report at: "D:\devops-classroom2-diario-quiz-temas\devops-classroom2-main\.metals\.reports\metals-full\2026-09-10\r_empty-definition_23-27-44-054.md")
2026.09.10 23:27:43 INFO  Created report: Optional[file:///D:/devops-classroom2-diario-quiz-temas/devops-classroom2-main/backend/src/main/java/com/devopsclassroom/config/SwaggerConfig.java]
2026.09.10 23:27:43 INFO  empty definition using pc, found symbol in pc: io/swagger/v3/oas/models/OpenAPI# (full report at: "D:\devops-classroom2-diario-quiz-temas\devops-classroom2-main\.metals\.reports\metals-full\2026-09-10\r_empty-definition_23-27-44-054.md")
2026.09.10 23:27:43 INFO  no build target found for D:\devops-classroom2-diario-quiz-temas\devops-classroom2-main\backend\src\main\java\com\devopsclassroom\config\SwaggerConfig.java. Using fallback presentation compiler.
2026.09.10 23:27:43 INFO  empty definition using pc, found symbol in pc: io/swagger/v3/oas/models/OpenAPI# (full report at: "D:\devops-classroom2-diario-quiz-temas\devops-classroom2-main\.metals\.reports\metals-full\2026-09-10\r_empty-definition_23-27-44-054.md")
2026.09.10 23:27:44 INFO  no build target found for D:\devops-classroom2-diario-quiz-temas\devops-classroom2-main\backend\src\main\java\com\devopsclassroom\config\SwaggerConfig.java. Using fallback presentation compiler.
2026.09.10 23:27:44 INFO  empty definition using pc, found symbol in pc: io/swagger/v3/oas/models/OpenAPI# (full report at: "D:\devops-classroom2-diario-quiz-temas\devops-classroom2-main\.metals\.reports\metals-full\2026-09-10\r_empty-definition_23-27-44-054.md")
2026.09.10 23:27:45 INFO  no build target found for D:\devops-classroom2-diario-quiz-temas\devops-classroom2-main\backend\src\main\java\com\devopsclassroom\config\SwaggerConfig.java. Using fallback presentation compiler.
2026.09.10 23:27:45 INFO  empty definition using pc, found symbol in pc: io/swagger/v3/oas/models/OpenAPI# (full report at: "D:\devops-classroom2-diario-quiz-temas\devops-classroom2-main\.metals\.reports\metals-full\2026-09-10\r_empty-definition_23-27-44-054.md")
2026.09.10 23:27:52 INFO  no build target found for D:\devops-classroom2-diario-quiz-temas\devops-classroom2-main\backend\src\main\java\com\devopsclassroom\config\SwaggerConfig.java. Using fallback presentation compiler.
2026.09.10 23:27:52 INFO  empty definition using pc, found symbol in pc: io/swagger/v3/oas/models/OpenAPI# (full report at: "D:\devops-classroom2-diario-quiz-temas\devops-classroom2-main\.metals\.reports\metals-full\2026-09-10\r_empty-definition_23-27-44-054.md")
2026.09.10 23:27:57 INFO  no build target found for D:\devops-classroom2-diario-quiz-temas\devops-classroom2-main\backend\src\main\java\com\devopsclassroom\config\SwaggerConfig.java. Using fallback presentation compiler.
2026.09.10 23:27:57 INFO  empty definition using pc, found symbol in pc: io/swagger/v3/oas/models/OpenAPI# (full report at: "D:\devops-classroom2-diario-quiz-temas\devops-classroom2-main\.metals\.reports\metals-full\2026-09-10\r_empty-definition_23-27-44-054.md")
2026.09.10 23:27:57 INFO  no build target found for D:\devops-classroom2-diario-quiz-temas\devops-classroom2-main\backend\src\main\java\com\devopsclassroom\config\SwaggerConfig.java. Using fallback presentation compiler.
2026.09.10 23:27:57 INFO  no build target found for D:\devops-classroom2-diario-quiz-temas\devops-classroom2-main\backend\src\main\java\com\devopsclassroom\config\SwaggerConfig.java. Using fallback presentation compiler.
2026.09.10 23:27:57 INFO  Created report: Optional[file:///D:/devops-classroom2-diario-quiz-temas/devops-classroom2-main/backend/src/main/java/com/devopsclassroom/config/SwaggerConfig.java]
2026.09.10 23:27:57 INFO  empty definition using pc, found symbol in pc: io/swagger/v3/oas/models/info/Info# (full report at: "D:\devops-classroom2-diario-quiz-temas\devops-classroom2-main\.metals\.reports\metals-full\2026-09-10\r_empty-definition_23-27-57-383.md")
2026.09.10 23:27:57 INFO  empty definition using pc, found symbol in pc: io/swagger/v3/oas/models/info/Info# (full report at: "D:\devops-classroom2-diario-quiz-temas\devops-classroom2-main\.metals\.reports\metals-full\2026-09-10\r_empty-definition_23-27-57-383.md")
2026.09.10 23:27:57 INFO  no build target found for D:\devops-classroom2-diario-quiz-temas\devops-classroom2-main\backend\src\main\java\com\devopsclassroom\config\SwaggerConfig.java. Using fallback presentation compiler.
2026.09.10 23:27:57 INFO  no build target found for D:\devops-classroom2-diario-quiz-temas\devops-classroom2-main\backend\src\main\java\com\devopsclassroom\config\SwaggerConfig.java. Using fallback presentation compiler.
2026.09.10 23:27:57 INFO  no build target found for D:\devops-classroom2-diario-quiz-temas\devops-classroom2-main\backend\src\main\java\com\devopsclassroom\config\SwaggerConfig.java. Using fallback presentation compiler.
2026.09.10 23:27:57 INFO  no build target found for D:\devops-classroom2-diario-quiz-temas\devops-classroom2-main\backend\src\main\java\com\devopsclassroom\config\SwaggerConfig.java. Using fallback presentation compiler.
2026.09.10 23:27:57 INFO  no build target found for D:\devops-classroom2-diario-quiz-temas\devops-classroom2-main\backend\src\main\java\com\devopsclassroom\config\SwaggerConfig.java. Using fallback presentation compiler.
2026.09.10 23:27:57 INFO  no build target found for D:\devops-classroom2-diario-quiz-temas\devops-classroom2-main\backend\src\main\java\com\devopsclassroom\config\SwaggerConfig.java. Using fallback presentation compiler.
2026.09.10 23:27:57 INFO  no build target found for D:\devops-classroom2-diario-quiz-temas\devops-classroom2-main\backend\src\main\java\com\devopsclassroom\config\SwaggerConfig.java. Using fallback presentation compiler.
2026.09.10 23:27:57 INFO  no build target found for D:\devops-classroom2-diario-quiz-temas\devops-classroom2-main\backend\src\main\java\com\devopsclassroom\config\SwaggerConfig.java. Using fallback presentation compiler.
2026.09.10 23:27:57 INFO  empty definition using pc, found symbol in pc: io/swagger/v3/oas/models/info/Info# (full report at: "D:\devops-classroom2-diario-quiz-temas\devops-classroom2-main\.metals\.reports\metals-full\2026-09-10\r_empty-definition_23-27-57-383.md")
2026.09.10 23:27:57 INFO  empty definition using pc, found symbol in pc: io/swagger/v3/oas/models/info/Info# (full report at: "D:\devops-classroom2-diario-quiz-temas\devops-classroom2-main\.metals\.reports\metals-full\2026-09-10\r_empty-definition_23-27-57-383.md")
2026.09.10 23:27:57 INFO  empty definition using pc, found symbol in pc: io/swagger/v3/oas/models/info/Info# (full report at: "D:\devops-classroom2-diario-quiz-temas\devops-classroom2-main\.metals\.reports\metals-full\2026-09-10\r_empty-definition_23-27-57-383.md")
2026.09.10 23:27:57 INFO  empty definition using pc, found symbol in pc: io/swagger/v3/oas/models/info/Info# (full report at: "D:\devops-classroom2-diario-quiz-temas\devops-classroom2-main\.metals\.reports\metals-full\2026-09-10\r_empty-definition_23-27-57-383.md")
2026.09.10 23:27:57 INFO  empty definition using pc, found symbol in pc: io/swagger/v3/oas/models/info/Info# (full report at: "D:\devops-classroom2-diario-quiz-temas\devops-classroom2-main\.metals\.reports\metals-full\2026-09-10\r_empty-definition_23-27-57-383.md")
2026.09.10 23:27:57 INFO  empty definition using pc, found symbol in pc: io/swagger/v3/oas/models/info/Info# (full report at: "D:\devops-classroom2-diario-quiz-temas\devops-classroom2-main\.metals\.reports\metals-full\2026-09-10\r_empty-definition_23-27-57-383.md")
2026.09.10 23:27:57 INFO  empty definition using pc, found symbol in pc: io/swagger/v3/oas/models/info/Info# (full report at: "D:\devops-classroom2-diario-quiz-temas\devops-classroom2-main\.metals\.reports\metals-full\2026-09-10\r_empty-definition_23-27-57-383.md")
2026.09.10 23:27:57 INFO  empty definition using pc, found symbol in pc: io/swagger/v3/oas/models/info/Info# (full report at: "D:\devops-classroom2-diario-quiz-temas\devops-classroom2-main\.metals\.reports\metals-full\2026-09-10\r_empty-definition_23-27-57-383.md")
2026.09.10 23:27:57 INFO  no build target found for D:\devops-classroom2-diario-quiz-temas\devops-classroom2-main\backend\src\main\java\com\devopsclassroom\config\SwaggerConfig.java. Using fallback presentation compiler.
2026.09.10 23:27:57 INFO  empty definition using pc, found symbol in pc: io/swagger/v3/oas/models/info/Info# (full report at: "D:\devops-classroom2-diario-quiz-temas\devops-classroom2-main\.metals\.reports\metals-full\2026-09-10\r_empty-definition_23-27-57-383.md")
2026.09.10 23:27:58 INFO  no build target found for D:\devops-classroom2-diario-quiz-temas\devops-classroom2-main\backend\src\main\java\com\devopsclassroom\config\SwaggerConfig.java. Using fallback presentation compiler.
2026.09.10 23:27:58 INFO  no build target found for D:\devops-classroom2-diario-quiz-temas\devops-classroom2-main\backend\src\main\java\com\devopsclassroom\config\SwaggerConfig.java. Using fallback presentation compiler.
2026.09.10 23:27:58 INFO  no build target found for D:\devops-classroom2-diario-quiz-temas\devops-classroom2-main\backend\src\main\java\com\devopsclassroom\config\SwaggerConfig.java. Using fallback presentation compiler.
2026.09.10 23:27:58 INFO  no build target found for D:\devops-classroom2-diario-quiz-temas\devops-classroom2-main\backend\src\main\java\com\devopsclassroom\config\SwaggerConfig.java. Using fallback presentation compiler.
2026.09.10 23:27:59 INFO  no build target found for D:\devops-classroom2-diario-quiz-temas\devops-classroom2-main\backend\src\main\java\com\devopsclassroom\config\SwaggerConfig.java. Using fallback presentation compiler.
2026.09.10 23:27:59 INFO  no build target found for D:\devops-classroom2-diario-quiz-temas\devops-classroom2-main\backend\src\main\java\com\devopsclassroom\config\SwaggerConfig.java. Using fallback presentation compiler.
2026.09.10 23:27:59 INFO  no build target found for D:\devops-classroom2-diario-quiz-temas\devops-classroom2-main\backend\src\main\java\com\devopsclassroom\config\SwaggerConfig.java. Using fallback presentation compiler.
2026.09.10 23:27:59 INFO  no build target found for D:\devops-classroom2-diario-quiz-temas\devops-classroom2-main\backend\src\main\java\com\devopsclassroom\config\SwaggerConfig.java. Using fallback presentation compiler.
2026.09.10 23:27:59 INFO  no build target found for D:\devops-classroom2-diario-quiz-temas\devops-classroom2-main\backend\src\main\java\com\devopsclassroom\config\SwaggerConfig.java. Using fallback presentation compiler.
2026.09.10 23:27:58 INFO  empty definition using pc, found symbol in pc: io/swagger/v3/oas/models/security/SecurityRequirement# (full report at: "D:\devops-classroom2-diario-quiz-temas\devops-classroom2-main\.metals\.reports\metals-full\2026-09-10\r_empty-definition_23-27-59-404.md")
2026.09.10 23:27:59 INFO  Created report: Optional[file:///D:/devops-classroom2-diario-quiz-temas/devops-classroom2-main/backend/src/main/java/com/devopsclassroom/config/SwaggerConfig.java]
2026.09.10 23:27:59 INFO  empty definition using pc, found symbol in pc: io/swagger/v3/oas/models/security/SecurityRequirement# (full report at: "D:\devops-classroom2-diario-quiz-temas\devops-classroom2-main\.metals\.reports\metals-full\2026-09-10\r_empty-definition_23-27-59-404.md")
2026.09.10 23:27:58 INFO  empty definition using pc, found symbol in pc: io/swagger/v3/oas/models/security/SecurityRequirement# (full report at: "D:\devops-classroom2-diario-quiz-temas\devops-classroom2-main\.metals\.reports\metals-full\2026-09-10\r_empty-definition_23-27-59-404.md")
2026.09.10 23:27:59 INFO  no build target found for D:\devops-classroom2-diario-quiz-temas\devops-classroom2-main\backend\src\main\java\com\devopsclassroom\config\SwaggerConfig.java. Using fallback presentation compiler.
2026.09.10 23:27:59 INFO  empty definition using pc, found symbol in pc: io/swagger/v3/oas/models/security/SecurityRequirement# (full report at: "D:\devops-classroom2-diario-quiz-temas\devops-classroom2-main\.metals\.reports\metals-full\2026-09-10\r_empty-definition_23-27-59-404.md")
2026.09.10 23:27:59 INFO  empty definition using pc, found symbol in pc: io/swagger/v3/oas/models/security/SecurityRequirement# (full report at: "D:\devops-classroom2-diario-quiz-temas\devops-classroom2-main\.metals\.reports\metals-full\2026-09-10\r_empty-definition_23-27-59-404.md")
2026.09.10 23:27:59 INFO  empty definition using pc, found symbol in pc: io/swagger/v3/oas/models/security/SecurityRequirement# (full report at: "D:\devops-classroom2-diario-quiz-temas\devops-classroom2-main\.metals\.reports\metals-full\2026-09-10\r_empty-definition_23-27-59-404.md")
2026.09.10 23:27:59 INFO  empty definition using pc, found symbol in pc: io/swagger/v3/oas/models/security/SecurityRequirement# (full report at: "D:\devops-classroom2-diario-quiz-temas\devops-classroom2-main\.metals\.reports\metals-full\2026-09-10\r_empty-definition_23-27-59-404.md")
2026.09.10 23:27:59 INFO  empty definition using pc, found symbol in pc: io/swagger/v3/oas/models/security/SecurityRequirement# (full report at: "D:\devops-classroom2-diario-quiz-temas\devops-classroom2-main\.metals\.reports\metals-full\2026-09-10\r_empty-definition_23-27-59-404.md")
2026.09.10 23:27:59 INFO  empty definition using pc, found symbol in pc: io/swagger/v3/oas/models/security/SecurityRequirement# (full report at: "D:\devops-classroom2-diario-quiz-temas\devops-classroom2-main\.metals\.reports\metals-full\2026-09-10\r_empty-definition_23-27-59-404.md")
2026.09.10 23:27:59 INFO  empty definition using pc, found symbol in pc: io/swagger/v3/oas/models/security/SecurityRequirement# (full report at: "D:\devops-classroom2-diario-quiz-temas\devops-classroom2-main\.metals\.reports\metals-full\2026-09-10\r_empty-definition_23-27-59-404.md")
2026.09.10 23:28:06 INFO  no build target found for D:\devops-classroom2-diario-quiz-temas\devops-classroom2-main\backend\src\main\java\com\devopsclassroom\config\SwaggerConfig.java. Using fallback presentation compiler.
2026.09.10 23:28:06 INFO  no build target found for D:\devops-classroom2-diario-quiz-temas\devops-classroom2-main\backend\src\main\java\com\devopsclassroom\config\SwaggerConfig.java. Using fallback presentation compiler.
2026.09.10 23:28:06 INFO  no build target found for D:\devops-classroom2-diario-quiz-temas\devops-classroom2-main\backend\src\main\java\com\devopsclassroom\config\SwaggerConfig.java. Using fallback presentation compiler.
2026.09.10 23:28:06 INFO  no build target found for D:\devops-classroom2-diario-quiz-temas\devops-classroom2-main\backend\src\main\java\com\devopsclassroom\config\SwaggerConfig.java. Using fallback presentation compiler.
2026.09.10 23:28:06 INFO  no build target found for D:\devops-classroom2-diario-quiz-temas\devops-classroom2-main\backend\src\main\java\com\devopsclassroom\config\SwaggerConfig.java. Using fallback presentation compiler.
2026.09.10 23:28:06 INFO  no build target found for D:\devops-classroom2-diario-quiz-temas\devops-classroom2-main\backend\src\main\java\com\devopsclassroom\config\SwaggerConfig.java. Using fallback presentation compiler.
2026.09.10 23:28:06 INFO  no build target found for D:\devops-classroom2-diario-quiz-temas\devops-classroom2-main\backend\src\main\java\com\devopsclassroom\config\SwaggerConfig.java. Using fallback presentation compiler.
2026.09.10 23:28:07 INFO  no build target found for D:\devops-classroom2-diario-quiz-temas\devops-classroom2-main\backend\src\main\java\com\devopsclassroom\config\SwaggerConfig.java. Using fallback presentation compiler.
2026.09.10 23:28:07 INFO  no build target found for D:\devops-classroom2-diario-quiz-temas\devops-classroom2-main\backend\src\main\java\com\devopsclassroom\config\SwaggerConfig.java. Using fallback presentation compiler.
2026.09.10 23:28:07 INFO  no build target found for D:\devops-classroom2-diario-quiz-temas\devops-classroom2-main\backend\src\main\java\com\devopsclassroom\config\SwaggerConfig.java. Using fallback presentation compiler.
2026.09.10 23:28:07 INFO  no build target found for D:\devops-classroom2-diario-quiz-temas\devops-classroom2-main\backend\src\main\java\com\devopsclassroom\config\SwaggerConfig.java. Using fallback presentation compiler.
2026.09.10 23:28:06 INFO  empty definition using pc, found symbol in pc: io/swagger/v3/oas/models/security/SecurityScheme# (full report at: "D:\devops-classroom2-diario-quiz-temas\devops-classroom2-main\.metals\.reports\metals-full\2026-09-10\r_empty-definition_23-28-07-453.md")
2026.09.10 23:28:06 INFO  no build target found for D:\devops-classroom2-diario-quiz-temas\devops-classroom2-main\backend\src\main\java\com\devopsclassroom\config\SwaggerConfig.java. Using fallback presentation compiler.
2026.09.10 23:28:06 INFO  empty definition using pc, found symbol in pc: io/swagger/v3/oas/models/security/SecurityScheme# (full report at: "D:\devops-classroom2-diario-quiz-temas\devops-classroom2-main\.metals\.reports\metals-full\2026-09-10\r_empty-definition_23-28-07-453.md")
2026.09.10 23:28:07 INFO  empty definition using pc, found symbol in pc: io/swagger/v3/oas/models/security/SecurityRequirement# (full report at: "D:\devops-classroom2-diario-quiz-temas\devops-classroom2-main\.metals\.reports\metals-full\2026-09-10\r_empty-definition_23-27-59-404.md")
2026.09.10 23:28:06 INFO  empty definition using pc, found symbol in pc: io/swagger/v3/oas/models/security/SecurityScheme# (full report at: "D:\devops-classroom2-diario-quiz-temas\devops-classroom2-main\.metals\.reports\metals-full\2026-09-10\r_empty-definition_23-28-07-453.md")
2026.09.10 23:28:07 INFO  empty definition using pc, found symbol in pc: io/swagger/v3/oas/models/security/SecurityScheme# (full report at: "D:\devops-classroom2-diario-quiz-temas\devops-classroom2-main\.metals\.reports\metals-full\2026-09-10\r_empty-definition_23-28-07-453.md")
2026.09.10 23:28:07 INFO  empty definition using pc, found symbol in pc: io/swagger/v3/oas/models/security/SecurityScheme# (full report at: "D:\devops-classroom2-diario-quiz-temas\devops-classroom2-main\.metals\.reports\metals-full\2026-09-10\r_empty-definition_23-28-07-453.md")
2026.09.10 23:28:07 INFO  no build target found for D:\devops-classroom2-diario-quiz-temas\devops-classroom2-main\backend\src\main\java\com\devopsclassroom\config\SwaggerConfig.java. Using fallback presentation compiler.
2026.09.10 23:28:07 INFO  no build target found for D:\devops-classroom2-diario-quiz-temas\devops-classroom2-main\backend\src\main\java\com\devopsclassroom\config\SwaggerConfig.java. Using fallback presentation compiler.
2026.09.10 23:28:06 INFO  no build target found for D:\devops-classroom2-diario-quiz-temas\devops-classroom2-main\backend\src\main\java\com\devopsclassroom\config\SwaggerConfig.java. Using fallback presentation compiler.
2026.09.10 23:28:06 INFO  no build target found for D:\devops-classroom2-diario-quiz-temas\devops-classroom2-main\backend\src\main\java\com\devopsclassroom\config\SwaggerConfig.java. Using fallback presentation compiler.
2026.09.10 23:28:06 INFO  Created report: Optional[file:///D:/devops-classroom2-diario-quiz-temas/devops-classroom2-main/backend/src/main/java/com/devopsclassroom/config/SwaggerConfig.java]
2026.09.10 23:28:06 INFO  empty definition using pc, found symbol in pc: io/swagger/v3/oas/models/security/SecurityScheme# (full report at: "D:\devops-classroom2-diario-quiz-temas\devops-classroom2-main\.metals\.reports\metals-full\2026-09-10\r_empty-definition_23-28-07-453.md")
2026.09.10 23:28:07 INFO  empty definition using pc, found symbol in pc: io/swagger/v3/oas/models/security/SecurityScheme# (full report at: "D:\devops-classroom2-diario-quiz-temas\devops-classroom2-main\.metals\.reports\metals-full\2026-09-10\r_empty-definition_23-28-07-453.md")
2026.09.10 23:28:06 INFO  no build target found for D:\devops-classroom2-diario-quiz-temas\devops-classroom2-main\backend\src\main\java\com\devopsclassroom\config\SwaggerConfig.java. Using fallback presentation compiler.
2026.09.10 23:28:06 INFO  empty definition using pc, found symbol in pc: io/swagger/v3/oas/models/security/SecurityScheme# (full report at: "D:\devops-classroom2-diario-quiz-temas\devops-classroom2-main\.metals\.reports\metals-full\2026-09-10\r_empty-definition_23-28-07-453.md")
2026.09.10 23:28:06 INFO  empty definition using pc, found symbol in pc: io/swagger/v3/oas/models/security/SecurityScheme# (full report at: "D:\devops-classroom2-diario-quiz-temas\devops-classroom2-main\.metals\.reports\metals-full\2026-09-10\r_empty-definition_23-28-07-453.md")
2026.09.10 23:28:07 INFO  empty definition using pc, found symbol in pc: io/swagger/v3/oas/models/security/SecurityScheme# (full report at: "D:\devops-classroom2-diario-quiz-temas\devops-classroom2-main\.metals\.reports\metals-full\2026-09-10\r_empty-definition_23-28-07-453.md")
2026.09.10 23:28:07 INFO  Created report: Optional[file:///D:/devops-classroom2-diario-quiz-temas/devops-classroom2-main/backend/src/main/java/com/devopsclassroom/config/SwaggerConfig.java]
2026.09.10 23:28:07 INFO  empty definition using pc, found symbol in pc: org/springframework/context/annotation/Bean# (full report at: "D:\devops-classroom2-diario-quiz-temas\devops-classroom2-main\.metals\.reports\metals-full\2026-09-10\r_empty-definition_23-28-07-806.md")
2026.09.10 23:28:07 INFO  empty definition using pc, found symbol in pc: org/springframework/context/annotation/Bean# (full report at: "D:\devops-classroom2-diario-quiz-temas\devops-classroom2-main\.metals\.reports\metals-full\2026-09-10\r_empty-definition_23-28-07-806.md")
2026.09.10 23:28:06 INFO  empty definition using pc, found symbol in pc: org/springframework/context/annotation/Bean# (full report at: "D:\devops-classroom2-diario-quiz-temas\devops-classroom2-main\.metals\.reports\metals-full\2026-09-10\r_empty-definition_23-28-07-806.md")
2026.09.10 23:28:06 INFO  empty definition using pc, found symbol in pc: org/springframework/context/annotation/Bean# (full report at: "D:\devops-classroom2-diario-quiz-temas\devops-classroom2-main\.metals\.reports\metals-full\2026-09-10\r_empty-definition_23-28-07-806.md")
2026.09.10 23:28:06 INFO  empty definition using pc, found symbol in pc: org/springframework/context/annotation/Bean# (full report at: "D:\devops-classroom2-diario-quiz-temas\devops-classroom2-main\.metals\.reports\metals-full\2026-09-10\r_empty-definition_23-28-07-806.md")
2026.09.10 23:28:07 INFO  empty definition using pc, found symbol in pc: org/springframework/context/annotation/Bean# (full report at: "D:\devops-classroom2-diario-quiz-temas\devops-classroom2-main\.metals\.reports\metals-full\2026-09-10\r_empty-definition_23-28-07-806.md")
2026.09.10 23:28:07 INFO  no build target found for D:\devops-classroom2-diario-quiz-temas\devops-classroom2-main\backend\src\main\java\com\devopsclassroom\config\SwaggerConfig.java. Using fallback presentation compiler.
2026.09.10 23:28:07 INFO  no build target found for D:\devops-classroom2-diario-quiz-temas\devops-classroom2-main\backend\src\main\java\com\devopsclassroom\config\SwaggerConfig.java. Using fallback presentation compiler.
2026.09.10 23:28:07 INFO  no build target found for D:\devops-classroom2-diario-quiz-temas\devops-classroom2-main\backend\src\main\java\com\devopsclassroom\config\SwaggerConfig.java. Using fallback presentation compiler.
2026.09.10 23:28:07 INFO  no build target found for D:\devops-classroom2-diario-quiz-temas\devops-classroom2-main\backend\src\main\java\com\devopsclassroom\config\SwaggerConfig.java. Using fallback presentation compiler.
2026.09.10 23:28:08 INFO  no build target found for D:\devops-classroom2-diario-quiz-temas\devops-classroom2-main\backend\src\main\java\com\devopsclassroom\config\SwaggerConfig.java. Using fallback presentation compiler.
2026.09.10 23:28:08 INFO  no build target found for D:\devops-classroom2-diario-quiz-temas\devops-classroom2-main\backend\src\main\java\com\devopsclassroom\config\SwaggerConfig.java. Using fallback presentation compiler.
2026.09.10 23:28:08 INFO  no build target found for D:\devops-classroom2-diario-quiz-temas\devops-classroom2-main\backend\src\main\java\com\devopsclassroom\config\SwaggerConfig.java. Using fallback presentation compiler.
2026.09.10 23:28:08 INFO  no build target found for D:\devops-classroom2-diario-quiz-temas\devops-classroom2-main\backend\src\main\java\com\devopsclassroom\config\SwaggerConfig.java. Using fallback presentation compiler.
2026.09.10 23:28:08 INFO  no build target found for D:\devops-classroom2-diario-quiz-temas\devops-classroom2-main\backend\src\main\java\com\devopsclassroom\config\SwaggerConfig.java. Using fallback presentation compiler.
2026.09.10 23:28:07 INFO  no build target found for D:\devops-classroom2-diario-quiz-temas\devops-classroom2-main\backend\src\main\java\com\devopsclassroom\config\SwaggerConfig.java. Using fallback presentation compiler.
2026.09.10 23:28:08 INFO  no build target found for D:\devops-classroom2-diario-quiz-temas\devops-classroom2-main\backend\src\main\java\com\devopsclassroom\config\SwaggerConfig.java. Using fallback presentation compiler.
2026.09.10 23:28:08 INFO  empty definition using pc, found symbol in pc: org/springframework/context/annotation/Bean# (full report at: "D:\devops-classroom2-diario-quiz-temas\devops-classroom2-main\.metals\.reports\metals-full\2026-09-10\r_empty-definition_23-28-07-806.md")
2026.09.10 23:28:08 INFO  empty definition using pc, found symbol in pc: org/springframework/context/annotation/Configuration# (full report at: "D:\devops-classroom2-diario-quiz-temas\devops-classroom2-main\.metals\.reports\metals-full\2026-09-10\r_empty-definition_23-28-08-576.md")
2026.09.10 23:28:08 INFO  no build target found for D:\devops-classroom2-diario-quiz-temas\devops-classroom2-main\backend\src\main\java\com\devopsclassroom\config\SwaggerConfig.java. Using fallback presentation compiler.
2026.09.10 23:28:08 INFO  empty definition using pc, found symbol in pc: org/springframework/context/annotation/Configuration# (full report at: "D:\devops-classroom2-diario-quiz-temas\devops-classroom2-main\.metals\.reports\metals-full\2026-09-10\r_empty-definition_23-28-08-576.md")
2026.09.10 23:28:08 INFO  empty definition using pc, found symbol in pc: org/springframework/context/annotation/Bean# (full report at: "D:\devops-classroom2-diario-quiz-temas\devops-classroom2-main\.metals\.reports\metals-full\2026-09-10\r_empty-definition_23-28-07-806.md")
2026.09.10 23:28:07 INFO  empty definition using pc, found symbol in pc: org/springframework/context/annotation/Configuration# (full report at: "D:\devops-classroom2-diario-quiz-temas\devops-classroom2-main\.metals\.reports\metals-full\2026-09-10\r_empty-definition_23-28-08-576.md")
2026.09.10 23:28:07 INFO  Created report: Optional[file:///D:/devops-classroom2-diario-quiz-temas/devops-classroom2-main/backend/src/main/java/com/devopsclassroom/config/SwaggerConfig.java]
2026.09.10 23:28:07 INFO  empty definition using pc, found symbol in pc: org/springframework/context/annotation/Configuration# (full report at: "D:\devops-classroom2-diario-quiz-temas\devops-classroom2-main\.metals\.reports\metals-full\2026-09-10\r_empty-definition_23-28-08-576.md")
2026.09.10 23:28:07 INFO  empty definition using pc, found symbol in pc: org/springframework/context/annotation/Bean# (full report at: "D:\devops-classroom2-diario-quiz-temas\devops-classroom2-main\.metals\.reports\metals-full\2026-09-10\r_empty-definition_23-28-07-806.md")
2026.09.10 23:28:07 INFO  empty definition using pc, found symbol in pc: org/springframework/context/annotation/Bean# (full report at: "D:\devops-classroom2-diario-quiz-temas\devops-classroom2-main\.metals\.reports\metals-full\2026-09-10\r_empty-definition_23-28-07-806.md")
2026.09.10 23:28:08 INFO  empty definition using pc, found symbol in pc: org/springframework/context/annotation/Bean# (full report at: "D:\devops-classroom2-diario-quiz-temas\devops-classroom2-main\.metals\.reports\metals-full\2026-09-10\r_empty-definition_23-28-07-806.md")
2026.09.10 23:28:08 INFO  empty definition using pc, found symbol in pc: org/springframework/context/annotation/Configuration# (full report at: "D:\devops-classroom2-diario-quiz-temas\devops-classroom2-main\.metals\.reports\metals-full\2026-09-10\r_empty-definition_23-28-08-576.md")
2026.09.10 23:28:08 INFO  empty definition using pc, found symbol in pc: org/springframework/context/annotation/Configuration# (full report at: "D:\devops-classroom2-diario-quiz-temas\devops-classroom2-main\.metals\.reports\metals-full\2026-09-10\r_empty-definition_23-28-08-576.md")
2026.09.10 23:28:08 INFO  empty definition using pc, found symbol in pc: org/springframework/context/annotation/Configuration# (full report at: "D:\devops-classroom2-diario-quiz-temas\devops-classroom2-main\.metals\.reports\metals-full\2026-09-10\r_empty-definition_23-28-08-576.md")
2026.09.10 23:28:37 INFO  no build target found for D:\devops-classroom2-diario-quiz-temas\devops-classroom2-main\backend\src\main\java\com\devopsclassroom\config\SwaggerConfig.java. Using fallback presentation compiler.
2026.09.10 23:28:37 WARN  no build target for: D:\devops-classroom2-diario-quiz-temas\devops-classroom2-main\backend\src\main\java\com\devopsclassroom\config\SwaggerConfig.java
2026.09.10 23:28:37 INFO  no build target found for D:\devops-classroom2-diario-quiz-temas\devops-classroom2-main\backend\src\main\java\com\devopsclassroom\config\SwaggerConfig.java. Using fallback presentation compiler.
2026.09.10 23:28:37 INFO  no build target found for D:\devops-classroom2-diario-quiz-temas\devops-classroom2-main\backend\src\main\java\com\devopsclassroom\config\SwaggerConfig.java. Using fallback presentation compiler.
2026.09.10 23:28:37 INFO  no build target found for D:\devops-classroom2-diario-quiz-temas\devops-classroom2-main\backend\src\main\java\com\devopsclassroom\config\SwaggerConfig.java. Using fallback presentation compiler.
2026.09.10 23:28:39 INFO  no build target found for D:\devops-classroom2-diario-quiz-temas\devops-classroom2-main\backend\src\main\java\com\devopsclassroom\config\SwaggerConfig.java. Using fallback presentation compiler.
2026.09.10 23:28:40 INFO  no build target found for D:\devops-classroom2-diario-quiz-temas\devops-classroom2-main\backend\src\main\java\com\devopsclassroom\config\SwaggerConfig.java. Using fallback presentation compiler.
2026.09.10 23:28:40 INFO  no build target found for D:\devops-classroom2-diario-quiz-temas\devops-classroom2-main\backend\src\main\java\com\devopsclassroom\config\SwaggerConfig.java. Using fallback presentation compiler.
2026.09.10 23:28:40 INFO  no build target found for D:\devops-classroom2-diario-quiz-temas\devops-classroom2-main\backend\src\main\java\com\devopsclassroom\config\SwaggerConfig.java. Using fallback presentation compiler.
2026.09.10 23:28:40 INFO  no build target found for D:\devops-classroom2-diario-quiz-temas\devops-classroom2-main\backend\src\main\java\com\devopsclassroom\config\SwaggerConfig.java. Using fallback presentation compiler.
2026.09.10 23:28:41 INFO  no build target found for D:\devops-classroom2-diario-quiz-temas\devops-classroom2-main\backend\src\main\java\com\devopsclassroom\config\SwaggerConfig.java. Using fallback presentation compiler.
2026.09.10 23:28:41 INFO  no build target found for D:\devops-classroom2-diario-quiz-temas\devops-classroom2-main\backend\src\main\java\com\devopsclassroom\config\SwaggerConfig.java. Using fallback presentation compiler.
2026.09.10 23:28:41 INFO  no build target found for D:\devops-classroom2-diario-quiz-temas\devops-classroom2-main\backend\src\main\java\com\devopsclassroom\config\SwaggerConfig.java. Using fallback presentation compiler.
2026.09.10 23:28:44 INFO  no build target found for D:\devops-classroom2-diario-quiz-temas\devops-classroom2-main\backend\src\main\java\com\devopsclassroom\config\SwaggerConfig.java. Using fallback presentation compiler.
2026.09.10 23:28:44 INFO  no build target found for D:\devops-classroom2-diario-quiz-temas\devops-classroom2-main\backend\src\main\java\com\devopsclassroom\config\SwaggerConfig.java. Using fallback presentation compiler.
2026.09.10 23:28:44 INFO  no build target found for D:\devops-classroom2-diario-quiz-temas\devops-classroom2-main\backend\src\main\java\com\devopsclassroom\config\SwaggerConfig.java. Using fallback presentation compiler.
2026.09.10 23:28:44 INFO  no build target found for D:\devops-classroom2-diario-quiz-temas\devops-classroom2-main\backend\src\main\java\com\devopsclassroom\config\SwaggerConfig.java. Using fallback presentation compiler.
2026.09.10 23:28:45 INFO  no build target found for D:\devops-classroom2-diario-quiz-temas\devops-classroom2-main\backend\src\main\java\com\devopsclassroom\config\SwaggerConfig.java. Using fallback presentation compiler.
2026.09.10 23:28:45 INFO  no build target found for D:\devops-classroom2-diario-quiz-temas\devops-classroom2-main\backend\src\main\java\com\devopsclassroom\config\SwaggerConfig.java. Using fallback presentation compiler.
2026.09.10 23:28:45 WARN  no build target for: D:\devops-classroom2-diario-quiz-temas\devops-classroom2-main\backend\src\main\java\com\devopsclassroom\config\SwaggerConfig.java
2026.09.10 23:28:45 INFO  no build target found for D:\devops-classroom2-diario-quiz-temas\devops-classroom2-main\backend\src\main\java\com\devopsclassroom\config\SwaggerConfig.java. Using fallback presentation compiler.
2026.09.10 23:28:45 INFO  no build target found for D:\devops-classroom2-diario-quiz-temas\devops-classroom2-main\backend\src\main\java\com\devopsclassroom\config\SwaggerConfig.java. Using fallback presentation compiler.
2026.09.10 23:28:47 INFO  no build target found for D:\devops-classroom2-diario-quiz-temas\devops-classroom2-main\backend\src\main\java\com\devopsclassroom\config\SwaggerConfig.java. Using fallback presentation compiler.
2026.09.10 23:28:47 INFO  no build target found for D:\devops-classroom2-diario-quiz-temas\devops-classroom2-main\backend\src\main\java\com\devopsclassroom\config\SwaggerConfig.java. Using fallback presentation compiler.
2026.09.10 23:28:47 INFO  no build target found for D:\devops-classroom2-diario-quiz-temas\devops-classroom2-main\backend\src\main\java\com\devopsclassroom\config\SwaggerConfig.java. Using fallback presentation compiler.
2026.09.10 23:28:47 INFO  no build target found for D:\devops-classroom2-diario-quiz-temas\devops-classroom2-main\backend\src\main\java\com\devopsclassroom\config\SwaggerConfig.java. Using fallback presentation compiler.
set. 10, 2026 11:28:48 PM org.eclipse.lsp4j.jsonrpc.RemoteEndpoint handleCancellation
ADVERTÊNCIA: Unmatched cancel notification for request id 149
2026.09.10 23:28:48 WARN  no build target for: D:\devops-classroom2-diario-quiz-temas\devops-classroom2-main\backend\src\main\java\com\devopsclassroom\config\SwaggerConfig.java
2026.09.10 23:28:48 INFO  no build target found for D:\devops-classroom2-diario-quiz-temas\devops-classroom2-main\backend\src\main\java\com\devopsclassroom\config\SwaggerConfig.java. Using fallback presentation compiler.
2026.09.10 23:28:49 INFO  no build target found for D:\devops-classroom2-diario-quiz-temas\devops-classroom2-main\backend\src\main\java\com\devopsclassroom\config\SwaggerConfig.java. Using fallback presentation compiler.
